
> temp_init@0.1.0 build
> next build

node.exe : ??`eslint` configuration in next.config.ts is no longer supported. See more info here: https://nextjs.org/do
cs/app/api-reference/cli/next#next-lint-options
위치 줄:1 문자:1
+ & "C:\Program Files\nodejs/node.exe" "C:\Program Files\nodejs/node_mo ...
+ ~~~~~~~~~~~~~~~~~~~~~~~~~~~~~~~~~~~~~~~~~~~~~~~~~~~~~~~~~~~~~~~~~~~~~
    + CategoryInfo          : NotSpecified: (??`eslint` conf...xt-lint-options:String) [], RemoteException
    + FullyQualifiedErrorId : NativeCommandError
 
??Invalid next.config.ts options detected: 
??    Unrecognized key(s) in object: 'eslint'
??See more info here: https://nextjs.org/docs/messages/invalid-next-config
??Next.js 16.2.3 (Turbopack)
- Environments: .env.local

??The "middleware" file convention is deprecated. Please use "proxy" instead. Learn more: https://nextjs.org/docs/messa
ges/middleware-to-proxy
  Creating an optimized production build ...
??Compiled successfully in 2.6s
  Skipping validation of types
  Finished TypeScript config validation in 5ms ...
  Collecting page data using 19 workers ...
  Generating static pages using 19 workers (0/128) ...
  Generating static pages using 19 workers (32/128) 
  Generating static pages using 19 workers (64/128) 
  Generating static pages using 19 workers (96/128) 
??Generating static pages using 19 workers (128/128) in 14.5s
  Finalizing page optimization ...

Route (app)                 Revalidate  Expire
??? /
????/_not-found
????/admin
????/admin/block_editor
??? /api/find-account
??? /api/test-db
????/apple-icon.png
??? /auth/callback
??? /board
??? /board_read
??? /board_write
????/gongsil                        1m      1y
????/gongsil-talk
??? /gongsil-talk/[userId]
????/homepage
??? /homepage/[id]
????/icon.png
??? /m
????/m/admin/article
????/m/admin/article/write
????/m/admin/banner
????/m/admin/board
????/m/admin/comment
????/m/admin/customer
????/m/admin/dashboard
????/m/admin/member
????/m/admin/member/write
????/m/admin/point
????/m/admin/settings
????/m/admin/vacancy
????/m/admin/vacancy/write
????/m/gongsil
????/m/gongsil_bookmarks
??? /m/news
????/m/news_bookmarks
????/m/news/[article_id]            5m      1y
????/m/news/54                      5m      1y
????/m/news/53                      5m      1y
????/m/news/52                      5m      1y
????[+36 more paths]
??? /m/reporter/[id]
??? /m/study
??? /m/study_read
??? /m/study_watch
????/market_dashboard
??? /news_all
??? /news_etc
????/news_finance                   5m      1y
????/news_law                       5m      1y
????/news_life                      5m      1y
??? /news_map
????/news_politics                  5m      1y
????/news/[article_id]              5m      1y
????/news/54                        5m      1y
????/news/53                        5m      1y
????/news/52                        5m      1y
????[+36 more paths]
????/realty_admin
??? /reporter/[id]
????/robots.txt
????/signup
????/sitemap.xml
????/study_read
????/study_watch
????/terms
????/user_admin
????/youth-policy


? Proxy (Middleware)

?? (Static)   prerendered as static content
?? (SSG)      prerendered as static HTML (uses generateStaticParams)
?  (Dynamic)  server-rendered on demand

